32X32
WWWWWWWWWWWWWWWW WWWWWWWWWWWWWWW
WtttWttttttttttWtWWWWWWWWWWttWWW
WtWtWtttWWWWWttWtWWWWWWWWWWttttW
WtWtWWWtWttWtttWtWWWWWWWWWWtWWtW
WtWtCtttWttttWtWtWWWWWWWWWWCtWtW
WtWtttWtWtWWWWtWtWttttttttWWtWtW
WtWtWWWttttttttWtWtWWtWWtttttttW
WtWtWWWtWWWWtWtWtWtWWtWWtttWWWWW
WtWtWWWtWttWtWtWtWtWWtWWtttWtttW
WtWtttttWttttttWtWtWtttWtttttCtW
WtWWWWttWttttWWWtWtttWtWtttWtttW
WttttWttWWWWWWWWtWWtWWtWtttWWWWW
WtWWtWtttttWWWWWtWttWWtWWttttttW
WttWtWtWtWttttttttttWWttWWWWWttW
WttWtttttWtt         WtttttttttW
WtWWWWWttWtt WWWGWWW WtWWtWWWWWW
 tttWWWtWWWt W  B  W WtWttttttt 
WWWtttttWttt W TZM W WtWtWWWWWWW
WttttWttWttt WWWWWWW WtttttttttW
WtWtWWWWWWWt         ttttWWWWWtW
WtWtWtttttttttttttttttWWtttttttW
WtWtttWttWttWWWWWWWWWttWtWWWWWtW
WtWWttWWWWtWWtttJtttWttWtttttttW
WtWttWWWWtttttWtttWttttWtWWWWWtW
WtWtWWttWtWWtWWWWWWtWtWWtttttttW
WtWttttttttWtWWWWWttWtWttWWWWWtW
WtWWtWWWWWtWtttWWWtWWtWttttttWtW
WtWWtCttWttWtWttWWttWtWttWtCtWtW
WtWWtttttttWtWttWWWtttWttWtttWtW
WtWWWWWWWWWWtWWtWWWWWtWWtWWWWWtW
Wttttttttttttttt ttttttttttttttW
WWWWWWWWWWWWWWWW WWWWWWWWWWWWWWW
14,16
5X2

